{
  "Id": "5ad49ee8-e816-463a-b7b7-1555579d7373",
  "Firstname": "Claudia",
  "Lastname": "Musterfrau",
  "CreationDate": null,
  "DateOfBirth": null,
  "Age": null,
  "Size": null,
  "Address": null,
  "Children": [],
  "Relatives": null
}
