{
  "Id": "eddde182-375b-4a1d-9867-49063d4b2ca8",
  "Firstname": "David",
  "Lastname": "Mustermann",
  "CreationDate": null,
  "DateOfBirth": null,
  "Age": null,
  "Size": null,
  "Address": null,
  "Children": [],
  "Relatives": null
}
