{
  "Id": "5789fa16-7e01-4e51-9518-6041435b4922",
  "Firstname": "David",
  "Lastname": "Mustermann",
  "CreationDate": null,
  "DateOfBirth": null,
  "Age": null,
  "Size": null,
  "Address": null,
  "Children": [],
  "Relatives": null
}
