{
  "Id": "2292f21c-8501-4771-a070-c79c7c7ef451",
  "Firstname": "David",
  "Lastname": "Mustermann",
  "CreationDate": null,
  "DateOfBirth": null,
  "Age": null,
  "Size": null,
  "Address": null,
  "Children": [],
  "Relatives": null
}
