{
  "Id": "1292f21c-8501-4771-a070-c79c7c7ef452",
  "Firstname": "Claudia",
  "Lastname": "Musterfrau",
  "CreationDate": null,
  "DateOfBirth": null,
  "Age": null,
  "Size": null,
  "Address": null,
  "Children": [],
  "Relatives": null
}
